Aaron
Abel
Abner
Adam
Adonis
Adriel
Alan
Albert
Albin
Albion
Alden
Alec
Alek
Alex
Alexander
Allan
Allen
Allyn
Alpha
Alton
Alvin
Alvis
Anders
Andrew
Archer
Arlan
Arlen
Arlin
Armand
Armond
Aron
Arron
Ashton
August
Author
Authur
Avery
Bailey
Baron
Barron
Beau
Benjaman
Benjamen
Benjamin
Benjamine
Benjiman
Bishop
Bo
Bradley
Bradly
Brain
Brandan
Branden
Brandin
Brandon
Brandt
Brant
Brock
Broderick
Cain
Calvin
Cecil
Cedric
Cedrick
Christoper
Christopher
Claud
Claude
Colin
Collin
Colonel
Colt
Colten
Colton
Commodore
Damon
Darin
Darius
Darrel
Darrell
Darren
Darrin
Darrion
Darrius
Darron
Darryl
Darryle
Daryl
Daryle
Denton
Dereck
Derek
Deric
Derick
Derik
Derrek
Derrick
Doctor
Douglas
Douglass
Elias
Ethan
Ethen
Farris
Ferris
Gabriel
Gaven
Gavin
Gavyn
General
Gerold
Gorden
Gordon
Hal
Hamilton
Harold
Heath
Hilbert
Irving
Isaiah
Izaiah
Izayah
Jasiah
Jason
Jeramy
Jereme
Jeremey
Jeremiah
Jeremie
Jeremy
Jerimiah
Jermey
Julian
Julien

Kael
Kai
Kalvin
Keagan
Keegan
Keenan
Kegan
Kerwin
Kolby
Kristoffer
Kristopher
Laurence
Lawerence
Lawrance
Lawrence
Leeroy
Leonardo
Linus
Louie
Louis
Louise
Mabel
Malachi
Malakai
Malaki
Matt
Matteo
Matthew
Matthias
Mattie
Michael
Michal
Michale
Micheal
Michel
Mike
Monty
Nash
Nathan
Nathanael
Nathanial
Nathaniel
Nathen
Nikko
Niko
Nikolai
Nikolas
Orson
Percival
Percy
Perry
Phoenix
Quincy
Quinn
Quinten
Quintin
Quinton
Reece
Reed
Reese
Reid
Reilly
Rhys
Rice
Rich
Richard
Richie
Rick
Rickey
Ricki
Rickie
Ricky
Rico
Rigoberto
Riley
Ritchie
Russel
Russell
Rusty

Sheldon
Shelton
Sheridan
Spencer
Spenser
Terence
Terrance
Terrence
Terry
Thad
Thaddeus
Tobe
Tobias
Tobin
Toby
Torrance
Torrence
Trevon
Trey
Treyvon
Ty
Tye
Tyler
Tylor
Uriah
Uriel
Van
Vance
Vergil
Vic
Vicente
Vincent
Vinson
Virgil
Virgle
Watson
Watt
Wayland
Will
Willam
Willard
William
Williams
Willian
Woodie
Woodroe
Woodrow
Woodson
Woody
Xavier
Xzavier
Zavier
