Aaron
Abel
Abner
Adam
Adonis
Adriel
Alan
Albert
Albin
Albion
Alden
Alec
Alek
Alex
Alexander
Allan
Allen
Allyn
Alpha
Alton
Alvin
Alvis
Anders
Andrew
Archer
Arlan
Arlen
Arlin
Armand
Armond
Aron
Arron
Ashton
August
Author
Authur
Avery
Bailey
Baron
Barron
Beau
Benjaman
Benjamen
Benjamin
Benjamine
Benjiman
Bishop
Bo
Bradley
Bradly
Brain
Brandan
Branden
Brandin
Brandon
Brandt
Brant
Brock
Broderick
Cain
Calvin
Cecil
Cedric
Cedrick
Christoper
Christopher
Claud
Claude
Colin
Collin
Colonel
Colt
Colten
Colton
Commodore
Damon
Darin
Darius
Darrel
Darrell
Darren
Darrin
Darrion
Darrius
Darron
Darryl
Darryle
Daryl
Daryle
Denton
Dereck
Derek
Deric
Derick
Derik
Derrek
Derrick
Doctor
Douglas
Douglass
Elias
Ethan
Ethen
Farris
Ferris
Gabriel
Gaven
Gavin
Gavyn
General
Gerold
Gorden
Gordon
Hal
Hamilton
Harold
Heath
Hilbert
Irving
Isaiah
Izaiah
Izayah
Jasiah
Jason
Jeramy
Jereme
Jeremey
Jeremiah
Jeremie
Jeremy
Jerimiah
Jermey
Julian
Julien

Kade
Kadeem
Kaden
Kadin
Kadyn
Kaeden
Kael
Kai
Kaiden
Kale
Kaleb
Kalen
Kalvin
Kamari
Kamden
Kameron
Kamren
Kamron
Kamryn
Kane
Kareem
Karen
Karl
Karson
Karter
Kasen
Kasey
Kash
Kason
Kay
Kayden
Kayson
Keagan
Keanu
Keaton
Keegan
Keenan
Kegan
Keith
Kelby
Kellan
Kellen
Kelley
Kelly
Kelsey
Kelton
Kelvin
Ken
Kendal
Kendall
Kendrick
Kennedy
Kenneth
Kenney
Kennith
Kennth
Kenny
Kent
Kenton
Kenya
Kenyatta
Kenyon
Keon
Kermit
Kerry
Kerwin
Keshawn
Kevan
Keven
Kevin
Kevon
Keyon
Keyshawn
Khalid
Khalil
Kian
Kiel
Kieran
Kieth
Killian
Kim
Kimberly
King
Kingsley
Kingston
Kip
Kipp
Kirby
Kirk
Kirt
Kit
Kiyoshi
Knox
Kobe
Koby
Kody
Koen
Kohen
Kolby
Kole
Kolten
Kolton
Konner
Konnor
Korbin
Korey
Kory
Kraig
Kris
Krish
Kristian
Kristofer
Kristoffer
Kristopher
Kurt
Kurtis
Kwame
Kyan
Kylan
Kyle
Kyler
Kymani
Kyree
Kyson
Lacy
Ladarius
Lafayette
Lafe
Lamar
Lambert
Lamont
Lamonte
Lance
Landen
Landon
Landry
Landyn
Lane
Lannie
Lanny
Larkin
Laron
Larry
Lars
Lary
Lashawn
Latrell
Laura
Laurel
Lauren
Laurence
Lavern
Laverne
Lavon
Lawerence
Lawrance
Lawrence
Lawson
Lawton
Lawyer
Layne
Layton
Lazaro
Leamon
Leander
Leandro
Lee
Leeroy
Legend
Leif
Leigh
Leighton
Leland
Lem
Lemon
Lemuel
Len
Lenard
Lennie
Lennon
Lennox
Lenny
Lenord
Lenwood
Leo
Leon
Leonard
Leonardo
Leonel
Leonidas
Leopold
Leopoldo
Leroy
Les
Lesley
Leslie
Lester
Levi
Levon
Levy
Lew
Lewis
Lex
Liam
Lige
Lillian
Lillie
Lincoln
Linda
Lindell
Lindsay
Lindsey
Lindy
Linton
Linus
Linwood
Lionel
Lisa
Llewellyn
Lloyd
Logan
Lois
Lon
London
Lonie
Lonnie
Lonny
Lonzo
Loran
Loren
Lorenza
Lorenzo
Lorin
Lorne
Lou
Louie
Louis
Louise
Love
Lovell
Lowell
Loy
Loyal
Loyd
Luca
Lucas
Lucian
Luciano
Lucien
Lucio
Lucious
Lucius
Lucy
Ludwig
Luis
Luka
Lukas
Luke
Lum
Lupe
Luster
Luther
Lyle
Lyman
Lyndon
Lynn
Lynwood
Lyric
Mabel
Mac
Mack
Mackenzie
Madden
Maddox
Madison
Mae
Mahlon
Major
Makai
Makhi
Malachi
Malakai
Malaki
Malcolm
Malcom
Malik
Malvin
Manford
Manley
Mannie
Manning
Manuel
Marc
Marcel
Marcelino
Marcellus
Marcelo
Marco
Marcos
Marcus
Margaret
Margarito
Maria
Mariano
Marie
Mario
Marion
Mark
Markel
Markell
Markus
Marley
Marlin
Marlon
Marlyn
Marques
Marquez
Marquis
Marquise
Marshal
Marshall
Mart
Martell
Martez
Martha
Martin
Marty
Marvin
Mary
Masao
Mason
Mat
Mateo
Mathew
Mathias
Matias
Matt
Matteo
Matthew
Matthias
Mattie
Maude
Maurice
Mauricio
Maury
Maverick
Max
Maxie
Maxim
Maximilian
Maximiliano
Maximillian
Maximo
Maximus
Maxton
Maxwell
May
Maynard
Mayson
Mcarthur
Mckinley
Mearl
Mekhi
Mel
Melissa
Melton
Melville
Melvin
Melvyn
Memphis
Menachem
Meredith
Merl
Merle
Merlin
Merlyn
Merrill
Merritt
Merton
Mervin
Mervyn
Merwin
Messiah
Meyer
Micah
Michael
Michal
Michale
Micheal
Michel
Michele
Michelle
Mickey
Micky
Miguel
Mike
Mikel
Milan
Milburn
Mildred
Miles
Milford
Millard
Miller
Milo
Milton
Minnie
Minor
Misael
Mitch
Mitchel
Mitchell
Moe
Mohamed
Mohammad
Mohammed
Moises
Monroe
Mont
Montana
Monte
Montgomery
Montrell
Monty
Moody
Morgan
Morris
Mortimer
Morton
Mose
Moses
Moshe
Muhammad
Murl
Murphy
Murray
Murry
Mustafa
Myer
Myles
Myron
Myrtle
Najee
Nancy
Napoleon
Nash
Nasir
Nat
Nathan
Nathanael
Nathanial
Nathaniel
Nathen
Neal
Ned
Nehemiah
Neil
Nellie
Nels
Nelson
Nestor
Nevin
Newell
Newman
Newt
Newton
Nicholas
Nicholaus
Nick
Nicklaus
Nickolas
Nicky
Nico
Nicolas
Nicole
Nigel
Nikhil
Nikko
Niko
Nikolai
Nikolas
Niles
Nixon
Noah
Noble
Noe
Noel
Nolan
Nora
Norbert
Norberto
Norman
Normand
Norris
Norton
Norval
Norwood
Nunzio
Oakley
Obie
Ocie
Octave
Octavio
Odell
Odie
Odin
Odis
Okey
Ola
Olaf
Olan
Ole
Olen
Olie
Olin
Oliver
Ollie
Omar
Omari
Omarion
Omer
Oneal
Opal
Ora
Oral
Oran
Orange
Oren
Orie
Orin
Orion
Oris
Orla
Orland
Orlando
Orley
Orlo
Orrie
Orrin
Orson
Orval
Orvil
Orville
Osborne
Oscar
Osie
Ossie
Osvaldo
Oswald
Oswaldo
Otha
Otho
Otis
Ottis
Otto
Owen
Pablo
Palmer
Paris
Park
Parker
Parrish
Pasquale
Pat
Patricia
Patrick
Patsy
Paul
Paulo
Paxton
Payton
Pearl
Pearlie
Pedro
Percival
Percy
Perley
Pernell
Perry
Pete
Peter
Peyton
Phil
Philip
Phillip
Phoenix
Pierce
Pierre
Pink
Pinkney
Pleas
Pleasant
Ples
Porter
Pranav
Prentice
Press
Preston
Price
Prince
Princeton
Quentin
Quincy
Quinn
Quinten
Quintin
Quinton
Raekwon
Rafael
Raheem
Rahsaan
Rahul
Raiden
Rakeem
Raleigh
Ralph
Ramiro
Ramon
Ramsey
Rand
Randal
Randall
Randel
Randell
Randle
Randolph
Randy
Ransom
Raoul
Raphael
Rashaad
Rashad
Rashawn
Rasheed
Raul
Raven
Ray
Rayan
Rayburn
Rayden
Rayford
Raylan
Raymon
Raymond
Raymundo
Raynard
Reagan
Reece
Reed
Reese
Refugio
Regan
Reggie
Reginal
Reginald
Regis
Reid
Reilly
Reinaldo
Reinhold
Reino
Remington
Remy
Renaldo
Rene
Reno
Reuben
Rex
Rexford
Rey
Reyes
Reynaldo
Reynold
Rhett
Rhys
Ricardo
Rice
Rich
Richard
Richie
Richmond
Rick
Rickey
Ricki
Rickie
Ricky
Rico
Rigoberto
Riley
Ritchie
River
Rob
Robb
Robbie
Robbin
Robby
Robert
Roberto
Robin
Roby
Rocco
Rock
Rocky
Rod
Roddy
Roderick
Rodger
Rodney
Rodolfo
Rodrick
Rodrigo
Roe
Roel
Rogelio
Roger
Rogers
Rohan
Roland
Rolando
Rolf
Rolla
Rolland
Rollie
Rollin
Rollo
Roman
Romeo
Romie
Ron
Ronald
Ronaldo
Ronan
Rondal
Ronin
Ronnie
Ronny
Roosevelt
Rory
Rosario
Rosco
Roscoe
Rose
Rosendo
Rosevelt
Ross
Roswell
Rowan
Rowen
Rowland
Roy
Royal
Royce
Rube
Ruben
Rubin
Ruby
Rudolf
Rudolph
Rudy
Rueben
Ruel
Rufus
Rupert
Rush
Russ
Russel
Russell
Rusty
Ruth
Rutherford
Ryan
Ryder
Ryker
Rylan
Ryland
Rylee
Ryne
Sage
Sal
Salvador
Salvatore
Sam
Samir
Sammie
Sammy
Sampson
Samson
Samual
Samuel
Sanders
Sandra
Sandy
Sanford
Santiago
Santino
Santo
Santos
Sarah
Saul
Savion
Sawyer
Schuyler
Scot
Scott
Scottie
Scotty
Seaborn
Seamus
Sean
Sebastian
Sedrick
Selmer
Semaj
Seneca
Sergio
Seth
Seymour
Shad
Shade
Shamar
Shane
Shannon
Shanon
Shaquan
Shaquille
Sharon
Shaun
Shawn
Shay
Shayne
Shea
Shedrick
Shelby
Sheldon
Shelley
Shelly
Shelton
Shemar
Sheridan
Sherman
Sherrill
Sherwin
Sherwood
Shirley
Shon
Sid
Sidney
Sigmund
Sigurd
Silas
Silvio
Sim
Simeon
Simon
Simpson
Sincere
Skip
Skylar
Skyler
Smith
Sol
Soloman
Solomon
Solon
Son
Sonny
Soren
Spencer
Spenser
Spurgeon
Squire
Stacey
Stacy
Stan
Stanford
Stanislaus
Stanley
Stanton
Starling
Stefan
Stephan
Stephanie
Stephen
Stephon
Sterling
Stetson
Stevan
Steve
Steven
Stevie
Stewart
Stone
Stonewall
Stoney
Storm
Stuart
Sullivan
Sumner
Susan
Sydney
Syed
Sylas
Sylvan
Sylvester
Tab
Tad
Taft
Talan
Talmadge
Talmage
Talon
Tammy
Tanner
Tarik
Tariq
Tate
Tatum
Taurean
Taurus
Tavares
Tavon
Tayler
Taylor
Teagan
Ted
Teddy
Terence
Terrance
Terrell
Terrence
Terrill
Terry
Tevin
Tex
Thad
Thaddeus
Theadore
Thelma
Theo
Theodore
Theron
Thomas
Thor
Thornton
Thos
Thurman
Thurston
Tillman
Tim
Timmie
Timmothy
Timmy
Timothy
Titus
Tobe
Tobias
Tobin
Toby
Tod
Todd
Toivo
Tolbert
Tom
Tomas
Tomie
Tommie
Tommy
Toney
Tony
Torey
Torrance
Torrence
Torrey
Tory
Toy
Trace
Tracey
Tracy
Trae
Travis
Travon
Tre
Tremaine
Tremayne
Trent
Trenton
Trever
Trevin
Trevion
Trevon
Trevor
Trey
Treyvon
Trinidad
Trinity
Tripp
Tristan
Tristen
Tristian
Tristin
Triston
Troy
Truman
Trystan
Tucker
Turner
Ty
Tye
Tyler
Tylor
Tyquan
Tyree
Tyrel
Tyrell
Tyrese
Tyron
Tyrone
Tyshawn
Tyson
Ulises
Ulysses
Unknown
Urban
Uriah
Uriel
Urijah
Val
Valentin
Valentine
Valentino
Van
Vance
Vaughn
Vergil
Verl
Verle
Verlin
Verlyn
Vern
Verne
Vernell
Verner
Vernie
Vernon
Vester
Vic
Vicente
Victor
Vihaan
Vince
Vincent
Vincenzo
Vinson
Virgil
Virginia
Virgle
Vito
Vivian
Volney
Von
Wade
Waldemar
Waldo
Walker
Wallace
Wally
Walt
Walter
Walton
Ward
Wardell
Warner
Warren
Wash
Washington
Watson
Watt
Waverly
Wayland
Waylon
Wayman
Waymon
Wayne
Weaver
Webb
Webster
Weldon
Wellington
Welton
Wendell
Werner
Wes
Wesley
West
Westin
Westley
Weston
Wheeler
Whit
Whitney
Wilber
Wilbert
Wilbur
Wilburn
Wiley
Wilford
Wilfred
Wilfredo
Wilfrid
Wilhelm
Will
Willam
Willard
William
Williams
Willian
Williard
Willie
Willis
Wilmer
Wilson
Wilton
Windell
Winfield
Winford
Winfred
Winston
Winton
Wm
Wong
Woodie
Woodroe
Woodrow
Woodson
Woody
Worth
Wright
Wyatt
Wylie
Wyman
Xander
Xavier
Xzavier
Yadiel
Yael
Yahir
Yair
Yancy
Yandel
Yee
Yehuda
Yosef
Yoshio
Young
Yousef
Yusuf
Zachariah
Zachary
Zachery
Zack
Zackary
Zackery
Zaid
Zaiden
Zain
Zaire
Zakary
Zander
Zane
Zavier
Zayden
Zayne
Zeb
Zebulon
Zechariah
Zeke
Zeno
Zion
Zollie
