Aaron
Abel
Abner
Adam
Adonis
Adriel
Alan
Albert
Albin
Albion
Alden
Alec
Alek
Alex
Alexander
Allan
Allen
Allyn
Alpha
Alton
Alvin
Alvis
Anders
Andrew
Archer
Arlan
Arlen
Arlin
Armand
Armond
Aron
Arron
Ashton
August
Author
Authur
Avery
Bailey
Baron
Barron
Beau
Benjaman
Benjamen
Benjamin
Benjamine
Benjiman
Bishop
Bo
Bradley
Bradly
Brain
Brandan
Branden
Brandin
Brandon
Brandt
Brant
Brock
Broderick
Cain
Calvin
Cecil
Cedric
Cedrick
Christoper
Christopher
Claud
Claude
Colin
Collin
Colonel
Colt
Colten
Colton
Commodore
Damon
Darin
Darius
Darrel
Darrell
Darren
Darrin
Darrion
Darrius
Darron
Darryl
Darryle
Daryl
Daryle
Denton
Dereck
Derek
Deric
Derick
Derik
Derrek
Derrick
Doctor
Douglas
Douglass
Elias
Ethan
Ethen
Farris
Ferris
Gabriel
Gaven
Gavin
Gavyn
General
Gerold
Gorden
Gordon
Hal
Hamilton
Harold
Heath
Hilbert
Irving
Isaiah
Izaiah
Izayah
Jasiah
Jason
Jeramy
Jereme
Jeremey
Jeremiah
Jeremie
Jeremy
Jerimiah
Jermey
Julian
Julien

Kael
Kai
Kalvin
Keagan
Keegan
Keenan
Kegan
Kerwin
Kolby
Kristoffer
Kristopher
Laurence
Lawerence
Lawrance
Lawrence
Leeroy
Leonardo
Linus
Louie
Louis
Louise
Mabel
Malachi
Malakai
Malaki
Matt
Matteo
Matthew
Matthias
Mattie
Michael
Michal
Michale
Micheal
Michel
Mike
Monty
Nash
Nathan
Nathanael
Nathanial
Nathaniel
Nathen
Nikko
Niko
Nikolai
Nikolas
Orson
Percival
Percy
Perry
Phoenix
Quincy
Quinn
Quinten
Quintin
Quinton
Reece
Reed
Reese
Reid
Reilly
Rhys
Rice
Rich
Richard
Richie
Rick
Rickey
Ricki
Rickie
Ricky
Rico
Rigoberto
Riley
Ritchie
Russel
Russell
Rusty

Sage
Sal
Salvador
Salvatore
Sam
Samir
Sammie
Sammy
Sampson
Samson
Samual
Samuel
Sanders
Sandra
Sandy
Sanford
Santiago
Santino
Santo
Santos
Sarah
Saul
Savion
Sawyer
Schuyler
Scot
Scott
Scottie
Scotty
Seaborn
Seamus
Sean
Sebastian
Sedrick
Selmer
Semaj
Seneca
Sergio
Seth
Seymour
Shad
Shade
Shamar
Shane
Shannon
Shanon
Shaquan
Shaquille
Sharon
Shaun
Shawn
Shay
Shayne
Shea
Shedrick
Shelby
Sheldon
Shelley
Shelly
Shelton
Shemar
Sheridan
Sherman
Sherrill
Sherwin
Sherwood
Shirley
Shon
Sid
Sidney
Sigmund
Sigurd
Silas
Silvio
Sim
Simeon
Simon
Simpson
Sincere
Skip
Skylar
Skyler
Smith
Sol
Soloman
Solomon
Solon
Son
Sonny
Soren
Spencer
Spenser
Spurgeon
Squire
Stacey
Stacy
Stan
Stanford
Stanislaus
Stanley
Stanton
Starling
Stefan
Stephan
Stephanie
Stephen
Stephon
Sterling
Stetson
Stevan
Steve
Steven
Stevie
Stewart
Stone
Stonewall
Stoney
Storm
Stuart
Sullivan
Sumner
Susan
Sydney
Syed
Sylas
Sylvan
Sylvester
Tab
Tad
Taft
Talan
Talmadge
Talmage
Talon
Tammy
Tanner
Tarik
Tariq
Tate
Tatum
Taurean
Taurus
Tavares
Tavon
Tayler
Taylor
Teagan
Ted
Teddy
Terence
Terrance
Terrell
Terrence
Terrill
Terry
Tevin
Tex
Thad
Thaddeus
Theadore
Thelma
Theo
Theodore
Theron
Thomas
Thor
Thornton
Thos
Thurman
Thurston
Tillman
Tim
Timmie
Timmothy
Timmy
Timothy
Titus
Tobe
Tobias
Tobin
Toby
Tod
Todd
Toivo
Tolbert
Tom
Tomas
Tomie
Tommie
Tommy
Toney
Tony
Torey
Torrance
Torrence
Torrey
Tory
Toy
Trace
Tracey
Tracy
Trae
Travis
Travon
Tre
Tremaine
Tremayne
Trent
Trenton
Trever
Trevin
Trevion
Trevon
Trevor
Trey
Treyvon
Trinidad
Trinity
Tripp
Tristan
Tristen
Tristian
Tristin
Triston
Troy
Truman
Trystan
Tucker
Turner
Ty
Tye
Tyler
Tylor
Tyquan
Tyree
Tyrel
Tyrell
Tyrese
Tyron
Tyrone
Tyshawn
Tyson
Ulises
Ulysses
Unknown
Urban
Uriah
Uriel
Urijah
Val
Valentin
Valentine
Valentino
Van
Vance
Vaughn
Vergil
Verl
Verle
Verlin
Verlyn
Vern
Verne
Vernell
Verner
Vernie
Vernon
Vester
Vic
Vicente
Victor
Vihaan
Vince
Vincent
Vincenzo
Vinson
Virgil
Virginia
Virgle
Vito
Vivian
Volney
Von
Wade
Waldemar
Waldo
Walker
Wallace
Wally
Walt
Walter
Walton
Ward
Wardell
Warner
Warren
Wash
Washington
Watson
Watt
Waverly
Wayland
Waylon
Wayman
Waymon
Wayne
Weaver
Webb
Webster
Weldon
Wellington
Welton
Wendell
Werner
Wes
Wesley
West
Westin
Westley
Weston
Wheeler
Whit
Whitney
Wilber
Wilbert
Wilbur
Wilburn
Wiley
Wilford
Wilfred
Wilfredo
Wilfrid
Wilhelm
Will
Willam
Willard
William
Williams
Willian
Williard
Willie
Willis
Wilmer
Wilson
Wilton
Windell
Winfield
Winford
Winfred
Winston
Winton
Wm
Wong
Woodie
Woodroe
Woodrow
Woodson
Woody
Worth
Wright
Wyatt
Wylie
Wyman
Xander
Xavier
Xzavier
Yadiel
Yael
Yahir
Yair
Yancy
Yandel
Yee
Yehuda
Yosef
Yoshio
Young
Yousef
Yusuf
Zachariah
Zachary
Zachery
Zack
Zackary
Zackery
Zaid
Zaiden
Zain
Zaire
Zakary
Zander
Zane
Zavier
Zayden
Zayne
Zeb
Zebulon
Zechariah
Zeke
Zeno
Zion
Zollie
